185.191.171.12 - - [15/Oct/2025:10:00:01 +0000] "GET /login.php HTTP/1.1" 200 1234
89.23.45.67 - - [15/Oct/2025:10:00:02 +0000] "GET /index.html HTTP/1.1" 200 5678
185.191.171.12 - - [15/Oct/2025:10:00:03 +0000] "POST /wp-login.php HTTP/1.1" 404 123
185.191.171.12 - - [15/Oct/2025:10:00:04 +0000] "GET /xmlrpc.php HTTP/1.1" 403 403
185.191.171.12 - - [15/Oct/2025:10:00:05 +0000] "GET /old/backup.zip HTTP/1.1" 404 123
185.191.171.12 - - [15/Oct/2025:10:00:06 +0000] "GET /scripts/setup.php HTTP/1.1" 404 123
185.191.171.12 - - [15/Oct/2025:10:00:07 +0000] "GET /phpmyadmin/ HTTP/1.1" 403 403
185.191.171.12 - - [15/Oct/2025:10:00:08 +0000] "POST /login HTTP/1.1" 200 1234
185.191.171.12 - - [15/Oct/2025:10:00:09 +0000] "GET /admin.php HTTP/1.1" 404 123
185.191.171.12 - - [15/Oct/2025:10:00:10 +0000] "GET /admin/index.php HTTP/1.1" 404 123
185.191.171.12 - - [15/Oct/2025:10:00:11 +0000] "GET /manager/html HTTP/1.1" 404 123
185.191.171.12 - - [15/Oct/2025:10:00:12 +0000] "GET /shell?cmd=ls HTTP/1.1" 404 123
185.191.171.12 - - [15/Oct/2025:10:00:13 +0000] "GET /.env HTTP/1.1" 404 123
185.191.171.12 - - [15/Oct/2025:10:00:14 +0000] "GET /api/v1/users HTTP/1.1" 403 403
185.191.171.12 - - [15/Oct/2025:10:00:15 +0000] "GET /../../../../etc/passwd HTTP/1.1" 400 100
22.33.44.55 - - [15/Oct/2025:10:05:01 +0000] "GET /styles.css HTTP/1.1" 200 9012
185.191.171.12 - - [15/Oct/2025:10:05:02 +0000] "GET /?author=1 HTTP/1.1" 200 1234
